[2026-06-22T12:55:31.196+0000] {manager.py:469} INFO - Processing files using up to 2 processes at a time 
[2026-06-22T12:55:31.202+0000] {manager.py:470} INFO - Process each file at most once every 30 seconds
[2026-06-22T12:55:31.207+0000] {manager.py:471} INFO - Checking for new files in /opt/airflow/dags every 300 seconds
[2026-06-22T12:55:31.212+0000] {manager.py:738} INFO - Searching for files in /opt/airflow/dags
[2026-06-22T12:55:31.299+0000] {manager.py:741} INFO - There are 2 files in /opt/airflow/dags
[2026-06-22T12:55:32.752+0000] {manager.py:879} INFO - 
================================================================================
DAG File Processing Stats

File Path                                  PID  Runtime      # DAGs    # Errors  Last Runtime    Last Run
---------------------------------------  -----  ---------  --------  ----------  --------------  ----------
/opt/airflow/dags/batch_pipeline_dag.py    184  0.45s             0           0
/opt/airflow/dags/stream_monitor_dag.py    180  0.71s             0           0
================================================================================
[2026-06-22T12:56:04.447+0000] {manager.py:879} INFO - 
================================================================================
DAG File Processing Stats

File Path                                  PID  Runtime      # DAGs    # Errors  Last Runtime    Last Run
---------------------------------------  -----  ---------  --------  ----------  --------------  -------------------
/opt/airflow/dags/batch_pipeline_dag.py    202  0.02s             1           0  1.95s           2026-06-22T12:55:34
/opt/airflow/dags/stream_monitor_dag.py    199  0.07s             1           0  2.18s           2026-06-22T12:55:34
================================================================================
[2026-06-22T12:56:36.505+0000] {manager.py:879} INFO - 
================================================================================
DAG File Processing Stats

File Path                                  PID  Runtime      # DAGs    # Errors  Last Runtime    Last Run
---------------------------------------  -----  ---------  --------  ----------  --------------  -------------------
/opt/airflow/dags/batch_pipeline_dag.py    219  1.03s             1           0  0.61s           2026-06-22T12:56:05
/opt/airflow/dags/stream_monitor_dag.py    216  1.15s             1           0  0.54s           2026-06-22T12:56:04
================================================================================
[2026-06-22T12:57:08.142+0000] {manager.py:879} INFO - 
================================================================================
DAG File Processing Stats

File Path                                PID    Runtime      # DAGs    # Errors  Last Runtime    Last Run
---------------------------------------  -----  ---------  --------  ----------  --------------  -------------------
/opt/airflow/dags/batch_pipeline_dag.py                           1           0  0.58s           2026-06-22T12:57:07
/opt/airflow/dags/stream_monitor_dag.py                           1           0  0.48s           2026-06-22T12:57:07
================================================================================
[2026-06-22T12:57:39.460+0000] {manager.py:879} INFO - 
================================================================================
DAG File Processing Stats

File Path                                PID    Runtime      # DAGs    # Errors  Last Runtime    Last Run
---------------------------------------  -----  ---------  --------  ----------  --------------  -------------------
/opt/airflow/dags/batch_pipeline_dag.py                           1           0  0.59s           2026-06-22T12:57:38
/opt/airflow/dags/stream_monitor_dag.py                           1           0  0.50s           2026-06-22T12:57:37
================================================================================
[2026-06-22T12:58:11.160+0000] {manager.py:879} INFO - 
================================================================================
DAG File Processing Stats

File Path                                PID    Runtime      # DAGs    # Errors  Last Runtime    Last Run
---------------------------------------  -----  ---------  --------  ----------  --------------  -------------------
/opt/airflow/dags/batch_pipeline_dag.py                           1           0  0.57s           2026-06-22T12:58:09
/opt/airflow/dags/stream_monitor_dag.py                           1           0  0.46s           2026-06-22T12:58:08
================================================================================
[2026-06-22T12:58:43.031+0000] {manager.py:879} INFO - 
================================================================================
DAG File Processing Stats

File Path                                PID    Runtime      # DAGs    # Errors  Last Runtime    Last Run
---------------------------------------  -----  ---------  --------  ----------  --------------  -------------------
/opt/airflow/dags/batch_pipeline_dag.py                           1           0  0.59s           2026-06-22T12:58:40
/opt/airflow/dags/stream_monitor_dag.py                           1           0  0.64s           2026-06-22T12:58:39
================================================================================
[2026-06-22T12:59:14.790+0000] {manager.py:879} INFO - 
================================================================================
DAG File Processing Stats

File Path                                PID    Runtime      # DAGs    # Errors  Last Runtime    Last Run
---------------------------------------  -----  ---------  --------  ----------  --------------  -------------------
/opt/airflow/dags/batch_pipeline_dag.py                           1           0  0.58s           2026-06-22T12:59:10
/opt/airflow/dags/stream_monitor_dag.py                           1           0  0.49s           2026-06-22T12:59:10
================================================================================
[2026-06-22T12:59:46.146+0000] {manager.py:879} INFO - 
================================================================================
DAG File Processing Stats

File Path                                PID    Runtime      # DAGs    # Errors  Last Runtime    Last Run
---------------------------------------  -----  ---------  --------  ----------  --------------  -------------------
/opt/airflow/dags/batch_pipeline_dag.py                           1           0  0.69s           2026-06-22T12:59:41
/opt/airflow/dags/stream_monitor_dag.py                           1           0  0.70s           2026-06-22T12:59:41
================================================================================
[2026-06-22T13:00:17.977+0000] {manager.py:879} INFO - 
================================================================================
DAG File Processing Stats

File Path                                PID    Runtime      # DAGs    # Errors  Last Runtime    Last Run
---------------------------------------  -----  ---------  --------  ----------  --------------  -------------------
/opt/airflow/dags/batch_pipeline_dag.py                           1           0  0.51s           2026-06-22T13:00:12
/opt/airflow/dags/stream_monitor_dag.py                           1           0  0.48s           2026-06-22T13:00:12
================================================================================
[2026-06-22T13:00:31.245+0000] {manager.py:738} INFO - Searching for files in /opt/airflow/dags
[2026-06-22T13:00:31.349+0000] {manager.py:741} INFO - There are 2 files in /opt/airflow/dags
[2026-06-22T13:00:49.492+0000] {manager.py:879} INFO - 
================================================================================
DAG File Processing Stats

File Path                                PID    Runtime      # DAGs    # Errors  Last Runtime    Last Run
---------------------------------------  -----  ---------  --------  ----------  --------------  -------------------
/opt/airflow/dags/batch_pipeline_dag.py                           1           0  0.67s           2026-06-22T13:00:44
/opt/airflow/dags/stream_monitor_dag.py                           1           0  0.65s           2026-06-22T13:00:44
================================================================================
[2026-06-22T13:01:21.136+0000] {manager.py:879} INFO - 
================================================================================
DAG File Processing Stats

File Path                                PID    Runtime      # DAGs    # Errors  Last Runtime    Last Run
---------------------------------------  -----  ---------  --------  ----------  --------------  -------------------
/opt/airflow/dags/batch_pipeline_dag.py                           1           0  0.79s           2026-06-22T13:01:16
/opt/airflow/dags/stream_monitor_dag.py                           1           0  0.69s           2026-06-22T13:01:15
================================================================================
[2026-06-22T13:01:52.922+0000] {manager.py:879} INFO - 
================================================================================
DAG File Processing Stats

File Path                                PID    Runtime      # DAGs    # Errors  Last Runtime    Last Run
---------------------------------------  -----  ---------  --------  ----------  --------------  -------------------
/opt/airflow/dags/batch_pipeline_dag.py                           1           0  1.16s           2026-06-22T13:01:47
/opt/airflow/dags/stream_monitor_dag.py                           1           0  0.84s           2026-06-22T13:01:46
================================================================================
[2026-06-22T13:02:24.619+0000] {manager.py:879} INFO - 
================================================================================
DAG File Processing Stats

File Path                                PID    Runtime      # DAGs    # Errors  Last Runtime    Last Run
---------------------------------------  -----  ---------  --------  ----------  --------------  -------------------
/opt/airflow/dags/batch_pipeline_dag.py                           1           0  0.64s           2026-06-22T13:02:19
/opt/airflow/dags/stream_monitor_dag.py                           1           0  0.55s           2026-06-22T13:02:17
================================================================================
[2026-06-22T13:02:56.131+0000] {manager.py:879} INFO - 
================================================================================
DAG File Processing Stats

File Path                                PID    Runtime      # DAGs    # Errors  Last Runtime    Last Run
---------------------------------------  -----  ---------  --------  ----------  --------------  -------------------
/opt/airflow/dags/batch_pipeline_dag.py                           1           0  0.57s           2026-06-22T13:02:50
/opt/airflow/dags/stream_monitor_dag.py                           1           0  0.59s           2026-06-22T13:02:48
================================================================================
[2026-06-22T13:03:27.889+0000] {manager.py:879} INFO - 
================================================================================
DAG File Processing Stats

File Path                                PID    Runtime      # DAGs    # Errors  Last Runtime    Last Run
---------------------------------------  -----  ---------  --------  ----------  --------------  -------------------
/opt/airflow/dags/batch_pipeline_dag.py                           1           0  0.83s           2026-06-22T13:03:21
/opt/airflow/dags/stream_monitor_dag.py                           1           0  0.60s           2026-06-22T13:03:19
================================================================================
[2026-06-22T13:03:58.579+0000] {manager.py:879} INFO - 
================================================================================
DAG File Processing Stats

File Path                                PID    Runtime      # DAGs    # Errors  Last Runtime    Last Run
---------------------------------------  -----  ---------  --------  ----------  --------------  -------------------
/opt/airflow/dags/batch_pipeline_dag.py                           1           0  0.41s           2026-06-22T13:03:51
/opt/airflow/dags/stream_monitor_dag.py                           1           0  0.52s           2026-06-22T13:03:50
================================================================================
[2026-06-22T13:04:31.798+0000] {manager.py:879} INFO - 
================================================================================
DAG File Processing Stats

File Path                                PID    Runtime      # DAGs    # Errors  Last Runtime    Last Run
---------------------------------------  -----  ---------  --------  ----------  --------------  -------------------
/opt/airflow/dags/batch_pipeline_dag.py                           1           0  1.95s           2026-06-22T13:04:24
/opt/airflow/dags/stream_monitor_dag.py                           1           0  2.17s           2026-06-22T13:04:23
================================================================================
[2026-06-22T13:05:02.739+0000] {manager.py:879} INFO - 
================================================================================
DAG File Processing Stats

File Path                                PID    Runtime      # DAGs    # Errors  Last Runtime    Last Run
---------------------------------------  -----  ---------  --------  ----------  --------------  -------------------
/opt/airflow/dags/batch_pipeline_dag.py                           1           0  0.88s           2026-06-22T13:04:55
/opt/airflow/dags/stream_monitor_dag.py                           1           0  0.63s           2026-06-22T13:04:53
================================================================================
[2026-06-22T13:05:31.728+0000] {manager.py:738} INFO - Searching for files in /opt/airflow/dags
[2026-06-22T13:05:31.785+0000] {manager.py:741} INFO - There are 2 files in /opt/airflow/dags
[2026-06-22T13:05:34.855+0000] {manager.py:879} INFO - 
================================================================================
DAG File Processing Stats

File Path                                PID    Runtime      # DAGs    # Errors  Last Runtime    Last Run
---------------------------------------  -----  ---------  --------  ----------  --------------  -------------------
/opt/airflow/dags/batch_pipeline_dag.py                           1           0  0.77s           2026-06-22T13:05:26
/opt/airflow/dags/stream_monitor_dag.py                           1           0  0.77s           2026-06-22T13:05:24
================================================================================
[2026-06-22T13:06:06.172+0000] {manager.py:879} INFO - 
================================================================================
DAG File Processing Stats

File Path                                PID    Runtime      # DAGs    # Errors  Last Runtime    Last Run
---------------------------------------  -----  ---------  --------  ----------  --------------  -------------------
/opt/airflow/dags/batch_pipeline_dag.py                           1           0  0.61s           2026-06-22T13:05:58
/opt/airflow/dags/stream_monitor_dag.py                           1           0  0.49s           2026-06-22T13:05:56
================================================================================
[2026-06-22T13:06:37.703+0000] {manager.py:879} INFO - 
================================================================================
DAG File Processing Stats

File Path                                PID    Runtime      # DAGs    # Errors  Last Runtime    Last Run
---------------------------------------  -----  ---------  --------  ----------  --------------  -------------------
/opt/airflow/dags/batch_pipeline_dag.py                           1           0  0.67s           2026-06-22T13:06:28
/opt/airflow/dags/stream_monitor_dag.py                           1           0  0.77s           2026-06-22T13:06:28
================================================================================
[2026-06-22T13:07:09.703+0000] {manager.py:879} INFO - 
================================================================================
DAG File Processing Stats

File Path                                PID    Runtime      # DAGs    # Errors  Last Runtime    Last Run
---------------------------------------  -----  ---------  --------  ----------  --------------  -------------------
/opt/airflow/dags/batch_pipeline_dag.py                           1           0  0.88s           2026-06-22T13:06:59
/opt/airflow/dags/stream_monitor_dag.py                           1           0  0.58s           2026-06-22T13:06:59
================================================================================
[2026-06-22T13:07:41.306+0000] {manager.py:879} INFO - 
================================================================================
DAG File Processing Stats

File Path                                PID    Runtime      # DAGs    # Errors  Last Runtime    Last Run
---------------------------------------  -----  ---------  --------  ----------  --------------  -------------------
/opt/airflow/dags/batch_pipeline_dag.py                           1           0  0.62s           2026-06-22T13:07:31
/opt/airflow/dags/stream_monitor_dag.py                           1           0  0.55s           2026-06-22T13:07:30
================================================================================
[2026-06-22T13:08:12.960+0000] {manager.py:879} INFO - 
================================================================================
DAG File Processing Stats

File Path                                PID    Runtime      # DAGs    # Errors  Last Runtime    Last Run
---------------------------------------  -----  ---------  --------  ----------  --------------  -------------------
/opt/airflow/dags/batch_pipeline_dag.py                           1           0  0.61s           2026-06-22T13:08:02
/opt/airflow/dags/stream_monitor_dag.py                           1           0  0.59s           2026-06-22T13:08:02
================================================================================
[2026-06-22T13:08:44.499+0000] {manager.py:879} INFO - 
================================================================================
DAG File Processing Stats

File Path                                PID    Runtime      # DAGs    # Errors  Last Runtime    Last Run
---------------------------------------  -----  ---------  --------  ----------  --------------  -------------------
/opt/airflow/dags/batch_pipeline_dag.py                           1           0  1.90s           2026-06-22T13:08:34
/opt/airflow/dags/stream_monitor_dag.py                           1           0  1.78s           2026-06-22T13:08:34
================================================================================
[2026-06-22T13:09:16.233+0000] {manager.py:879} INFO - 
================================================================================
DAG File Processing Stats

File Path                                PID    Runtime      # DAGs    # Errors  Last Runtime    Last Run
---------------------------------------  -----  ---------  --------  ----------  --------------  -------------------
/opt/airflow/dags/batch_pipeline_dag.py                           1           0  0.66s           2026-06-22T13:09:05
/opt/airflow/dags/stream_monitor_dag.py                           1           0  0.48s           2026-06-22T13:09:04
================================================================================
[2026-06-22T13:09:47.666+0000] {manager.py:879} INFO - 
================================================================================
DAG File Processing Stats

File Path                                PID    Runtime      # DAGs    # Errors  Last Runtime    Last Run
---------------------------------------  -----  ---------  --------  ----------  --------------  -------------------
/opt/airflow/dags/batch_pipeline_dag.py                           1           0  0.62s           2026-06-22T13:09:36
/opt/airflow/dags/stream_monitor_dag.py                           1           0  0.42s           2026-06-22T13:09:35
================================================================================
[2026-06-22T13:10:19.069+0000] {manager.py:879} INFO - 
================================================================================
DAG File Processing Stats

File Path                                PID    Runtime      # DAGs    # Errors  Last Runtime    Last Run
---------------------------------------  -----  ---------  --------  ----------  --------------  -------------------
/opt/airflow/dags/batch_pipeline_dag.py                           1           0  0.80s           2026-06-22T13:10:07
/opt/airflow/dags/stream_monitor_dag.py                           1           0  0.50s           2026-06-22T13:10:06
================================================================================
[2026-06-22T13:10:31.915+0000] {manager.py:738} INFO - Searching for files in /opt/airflow/dags
[2026-06-22T13:10:32.237+0000] {manager.py:741} INFO - There are 2 files in /opt/airflow/dags
[2026-06-22T13:10:50.508+0000] {manager.py:879} INFO - 
================================================================================
DAG File Processing Stats

File Path                                PID    Runtime      # DAGs    # Errors  Last Runtime    Last Run
---------------------------------------  -----  ---------  --------  ----------  --------------  -------------------
/opt/airflow/dags/batch_pipeline_dag.py                           1           0  0.55s           2026-06-22T13:10:38
/opt/airflow/dags/stream_monitor_dag.py                           1           0  0.72s           2026-06-22T13:10:37
================================================================================
[2026-06-22T13:11:22.784+0000] {manager.py:879} INFO - 
================================================================================
DAG File Processing Stats

File Path                                PID    Runtime      # DAGs    # Errors  Last Runtime    Last Run
---------------------------------------  -----  ---------  --------  ----------  --------------  -------------------
/opt/airflow/dags/batch_pipeline_dag.py                           1           0  1.20s           2026-06-22T13:11:09
/opt/airflow/dags/stream_monitor_dag.py                           1           0  1.18s           2026-06-22T13:11:09
================================================================================
[2026-06-22T13:11:54.650+0000] {manager.py:879} INFO - 
================================================================================
DAG File Processing Stats

File Path                                PID    Runtime      # DAGs    # Errors  Last Runtime    Last Run
---------------------------------------  -----  ---------  --------  ----------  --------------  -------------------
/opt/airflow/dags/batch_pipeline_dag.py                           1           0  1.01s           2026-06-22T13:11:41
/opt/airflow/dags/stream_monitor_dag.py                           1           0  1.25s           2026-06-22T13:11:41
================================================================================
[2026-06-22T13:12:26.055+0000] {manager.py:879} INFO - 
================================================================================
DAG File Processing Stats

File Path                                PID    Runtime      # DAGs    # Errors  Last Runtime    Last Run
---------------------------------------  -----  ---------  --------  ----------  --------------  -------------------
/opt/airflow/dags/batch_pipeline_dag.py                           1           0  0.52s           2026-06-22T13:12:12
/opt/airflow/dags/stream_monitor_dag.py                           1           0  0.40s           2026-06-22T13:12:12
================================================================================
[2026-06-22T13:12:57.487+0000] {manager.py:879} INFO - 
================================================================================
DAG File Processing Stats

File Path                                PID    Runtime      # DAGs    # Errors  Last Runtime    Last Run
---------------------------------------  -----  ---------  --------  ----------  --------------  -------------------
/opt/airflow/dags/batch_pipeline_dag.py                           1           0  0.78s           2026-06-22T13:12:43
/opt/airflow/dags/stream_monitor_dag.py                           1           0  0.48s           2026-06-22T13:12:42
================================================================================
[2026-06-22T13:13:29.669+0000] {manager.py:879} INFO - 
================================================================================
DAG File Processing Stats

File Path                                PID    Runtime      # DAGs    # Errors  Last Runtime    Last Run
---------------------------------------  -----  ---------  --------  ----------  --------------  -------------------
/opt/airflow/dags/batch_pipeline_dag.py                           1           0  0.59s           2026-06-22T13:13:14
/opt/airflow/dags/stream_monitor_dag.py                           1           0  0.59s           2026-06-22T13:13:13
================================================================================
[2026-06-22T13:14:01.819+0000] {manager.py:879} INFO - 
================================================================================
DAG File Processing Stats

File Path                                PID    Runtime      # DAGs    # Errors  Last Runtime    Last Run
---------------------------------------  -----  ---------  --------  ----------  --------------  -------------------
/opt/airflow/dags/batch_pipeline_dag.py                           1           0  0.63s           2026-06-22T13:13:45
/opt/airflow/dags/stream_monitor_dag.py                           1           0  0.62s           2026-06-22T13:13:45
================================================================================
[2026-06-22T13:14:33.989+0000] {manager.py:879} INFO - 
================================================================================
DAG File Processing Stats

File Path                                PID    Runtime      # DAGs    # Errors  Last Runtime    Last Run
---------------------------------------  -----  ---------  --------  ----------  --------------  -------------------
/opt/airflow/dags/batch_pipeline_dag.py                           1           0  0.75s           2026-06-22T13:14:16
/opt/airflow/dags/stream_monitor_dag.py                           1           0  0.81s           2026-06-22T13:14:16
================================================================================
[2026-06-22T13:15:05.806+0000] {manager.py:879} INFO - 
================================================================================
DAG File Processing Stats

File Path                                PID    Runtime      # DAGs    # Errors  Last Runtime    Last Run
---------------------------------------  -----  ---------  --------  ----------  --------------  -------------------
/opt/airflow/dags/batch_pipeline_dag.py                           1           0  1.04s           2026-06-22T13:14:48
/opt/airflow/dags/stream_monitor_dag.py                           1           0  1.00s           2026-06-22T13:14:48
================================================================================
[2026-06-22T13:15:32.765+0000] {manager.py:738} INFO - Searching for files in /opt/airflow/dags
[2026-06-22T13:15:32.894+0000] {manager.py:741} INFO - There are 2 files in /opt/airflow/dags
[2026-06-22T13:15:38.086+0000] {manager.py:879} INFO - 
================================================================================
DAG File Processing Stats

File Path                                PID    Runtime      # DAGs    # Errors  Last Runtime    Last Run
---------------------------------------  -----  ---------  --------  ----------  --------------  -------------------
/opt/airflow/dags/batch_pipeline_dag.py                           1           0  0.74s           2026-06-22T13:15:19
/opt/airflow/dags/stream_monitor_dag.py                           1           0  0.72s           2026-06-22T13:15:19
================================================================================
[2026-06-22T13:16:10.129+0000] {manager.py:879} INFO - 
================================================================================
DAG File Processing Stats

File Path                                PID    Runtime      # DAGs    # Errors  Last Runtime    Last Run
---------------------------------------  -----  ---------  --------  ----------  --------------  -------------------
/opt/airflow/dags/batch_pipeline_dag.py                           1           0  1.56s           2026-06-22T13:15:51
/opt/airflow/dags/stream_monitor_dag.py                           1           0  1.54s           2026-06-22T13:15:51
================================================================================
[2026-06-22T13:16:41.369+0000] {manager.py:879} INFO - 
================================================================================
DAG File Processing Stats

File Path                                PID    Runtime      # DAGs    # Errors  Last Runtime    Last Run
---------------------------------------  -----  ---------  --------  ----------  --------------  -------------------
/opt/airflow/dags/batch_pipeline_dag.py                           1           0  0.78s           2026-06-22T13:16:22
/opt/airflow/dags/stream_monitor_dag.py                           1           0  0.78s           2026-06-22T13:16:22
================================================================================
[2026-06-22T13:17:14.040+0000] {manager.py:879} INFO - 
================================================================================
DAG File Processing Stats

File Path                                PID    Runtime      # DAGs    # Errors  Last Runtime    Last Run
---------------------------------------  -----  ---------  --------  ----------  --------------  -------------------
/opt/airflow/dags/batch_pipeline_dag.py                           1           0  0.99s           2026-06-22T13:16:53
/opt/airflow/dags/stream_monitor_dag.py                           1           0  0.78s           2026-06-22T13:16:53
================================================================================
[2026-06-22T13:17:46.284+0000] {manager.py:879} INFO - 
================================================================================
DAG File Processing Stats

File Path                                PID    Runtime      # DAGs    # Errors  Last Runtime    Last Run
---------------------------------------  -----  ---------  --------  ----------  --------------  -------------------
/opt/airflow/dags/batch_pipeline_dag.py                           1           0  0.48s           2026-06-22T13:17:24
/opt/airflow/dags/stream_monitor_dag.py                           1           0  0.46s           2026-06-22T13:17:24
================================================================================
[2026-06-22T13:18:17.846+0000] {manager.py:879} INFO - 
================================================================================
DAG File Processing Stats

File Path                                PID    Runtime      # DAGs    # Errors  Last Runtime    Last Run
---------------------------------------  -----  ---------  --------  ----------  --------------  -------------------
/opt/airflow/dags/batch_pipeline_dag.py                           1           0  0.57s           2026-06-22T13:17:56
/opt/airflow/dags/stream_monitor_dag.py                           1           0  0.52s           2026-06-22T13:17:56
================================================================================
[2026-06-22T13:18:49.859+0000] {manager.py:879} INFO - 
================================================================================
DAG File Processing Stats

File Path                                PID    Runtime      # DAGs    # Errors  Last Runtime    Last Run
---------------------------------------  -----  ---------  --------  ----------  --------------  -------------------
/opt/airflow/dags/batch_pipeline_dag.py                           1           0  1.24s           2026-06-22T13:18:28
/opt/airflow/dags/stream_monitor_dag.py                           1           0  0.54s           2026-06-22T13:18:27
================================================================================
[2026-06-22T13:19:22.070+0000] {manager.py:879} INFO - 
================================================================================
DAG File Processing Stats

File Path                                PID    Runtime      # DAGs    # Errors  Last Runtime    Last Run
---------------------------------------  -----  ---------  --------  ----------  --------------  -------------------
/opt/airflow/dags/batch_pipeline_dag.py                           1           0  0.36s           2026-06-22T13:18:59
/opt/airflow/dags/stream_monitor_dag.py                           1           0  0.38s           2026-06-22T13:18:58
================================================================================
[2026-06-22T13:19:53.256+0000] {manager.py:879} INFO - 
================================================================================
DAG File Processing Stats

File Path                                PID    Runtime      # DAGs    # Errors  Last Runtime    Last Run
---------------------------------------  -----  ---------  --------  ----------  --------------  -------------------
/opt/airflow/dags/batch_pipeline_dag.py                           1           0  0.33s           2026-06-22T13:19:29
/opt/airflow/dags/stream_monitor_dag.py                           1           0  0.33s           2026-06-22T13:19:29
================================================================================
[2026-06-22T13:20:25.367+0000] {manager.py:879} INFO - 
================================================================================
DAG File Processing Stats

File Path                                PID    Runtime      # DAGs    # Errors  Last Runtime    Last Run
---------------------------------------  -----  ---------  --------  ----------  --------------  -------------------
/opt/airflow/dags/batch_pipeline_dag.py                           1           0  0.33s           2026-06-22T13:20:01
/opt/airflow/dags/stream_monitor_dag.py                           1           0  0.31s           2026-06-22T13:20:01
================================================================================
[2026-06-22T13:20:32.839+0000] {manager.py:738} INFO - Searching for files in /opt/airflow/dags
[2026-06-22T13:20:32.897+0000] {manager.py:741} INFO - There are 2 files in /opt/airflow/dags
[2026-06-22T13:20:57.449+0000] {manager.py:879} INFO - 
================================================================================
DAG File Processing Stats

File Path                                PID    Runtime      # DAGs    # Errors  Last Runtime    Last Run
---------------------------------------  -----  ---------  --------  ----------  --------------  -------------------
/opt/airflow/dags/batch_pipeline_dag.py                           1           0  0.52s           2026-06-22T13:20:33
/opt/airflow/dags/stream_monitor_dag.py                           1           0  0.23s           2026-06-22T13:20:33
================================================================================
[2026-06-22T13:21:29.382+0000] {manager.py:879} INFO - 
================================================================================
DAG File Processing Stats

File Path                                PID    Runtime      # DAGs    # Errors  Last Runtime    Last Run
---------------------------------------  -----  ---------  --------  ----------  --------------  -------------------
/opt/airflow/dags/batch_pipeline_dag.py                           1           0  0.26s           2026-06-22T13:21:04
/opt/airflow/dags/stream_monitor_dag.py                           1           0  0.21s           2026-06-22T13:21:04
================================================================================
[2026-06-22T13:22:00.797+0000] {manager.py:879} INFO - 
================================================================================
DAG File Processing Stats

File Path                                PID    Runtime      # DAGs    # Errors  Last Runtime    Last Run
---------------------------------------  -----  ---------  --------  ----------  --------------  -------------------
/opt/airflow/dags/batch_pipeline_dag.py                           1           0  0.69s           2026-06-22T13:21:35
/opt/airflow/dags/stream_monitor_dag.py                           1           0  0.64s           2026-06-22T13:21:35
================================================================================
[2026-06-22T13:22:32.984+0000] {manager.py:879} INFO - 
================================================================================
DAG File Processing Stats

File Path                                PID    Runtime      # DAGs    # Errors  Last Runtime    Last Run
---------------------------------------  -----  ---------  --------  ----------  --------------  -------------------
/opt/airflow/dags/batch_pipeline_dag.py                           1           0  0.55s           2026-06-22T13:22:06
/opt/airflow/dags/stream_monitor_dag.py                           1           0  0.36s           2026-06-22T13:22:06
================================================================================
[2026-06-22T13:23:05.079+0000] {manager.py:879} INFO - 
================================================================================
DAG File Processing Stats

File Path                                PID    Runtime      # DAGs    # Errors  Last Runtime    Last Run
---------------------------------------  -----  ---------  --------  ----------  --------------  -------------------
/opt/airflow/dags/batch_pipeline_dag.py                           1           0  0.48s           2026-06-22T13:22:38
/opt/airflow/dags/stream_monitor_dag.py                           1           0  0.62s           2026-06-22T13:22:38
================================================================================
[2026-06-22T13:23:37.362+0000] {manager.py:879} INFO - 
================================================================================
DAG File Processing Stats

File Path                                PID    Runtime      # DAGs    # Errors  Last Runtime    Last Run
---------------------------------------  -----  ---------  --------  ----------  --------------  -------------------
/opt/airflow/dags/batch_pipeline_dag.py                           1           0  0.32s           2026-06-22T13:23:10
/opt/airflow/dags/stream_monitor_dag.py                           1           0  0.29s           2026-06-22T13:23:09
================================================================================
[2026-06-22T13:24:09.390+0000] {manager.py:879} INFO - 
================================================================================
DAG File Processing Stats

File Path                                PID    Runtime      # DAGs    # Errors  Last Runtime    Last Run
---------------------------------------  -----  ---------  --------  ----------  --------------  -------------------
/opt/airflow/dags/batch_pipeline_dag.py                           1           0  0.31s           2026-06-22T13:23:41
/opt/airflow/dags/stream_monitor_dag.py                           1           0  0.28s           2026-06-22T13:23:41
================================================================================
[2026-06-22T13:24:41.461+0000] {manager.py:879} INFO - 
================================================================================
DAG File Processing Stats

File Path                                PID    Runtime      # DAGs    # Errors  Last Runtime    Last Run
---------------------------------------  -----  ---------  --------  ----------  --------------  -------------------
/opt/airflow/dags/batch_pipeline_dag.py                           1           0  0.29s           2026-06-22T13:24:13
/opt/airflow/dags/stream_monitor_dag.py                           1           0  0.28s           2026-06-22T13:24:13
================================================================================
[2026-06-22T13:25:14.050+0000] {manager.py:879} INFO - 
================================================================================
DAG File Processing Stats

File Path                                PID    Runtime      # DAGs    # Errors  Last Runtime    Last Run
---------------------------------------  -----  ---------  --------  ----------  --------------  -------------------
/opt/airflow/dags/batch_pipeline_dag.py                           1           0  0.23s           2026-06-22T13:24:44
/opt/airflow/dags/stream_monitor_dag.py                           1           0  0.21s           2026-06-22T13:24:44
================================================================================
[2026-06-22T13:25:33.463+0000] {manager.py:738} INFO - Searching for files in /opt/airflow/dags
[2026-06-22T13:25:33.513+0000] {manager.py:741} INFO - There are 2 files in /opt/airflow/dags
[2026-06-22T13:25:47.127+0000] {manager.py:879} INFO - 
================================================================================
DAG File Processing Stats

File Path                                  PID  Runtime      # DAGs    # Errors  Last Runtime    Last Run
---------------------------------------  -----  ---------  --------  ----------  --------------  -------------------
/opt/airflow/dags/batch_pipeline_dag.py   1147  0.00s             1           0  0.29s           2026-06-22T13:25:16
/opt/airflow/dags/stream_monitor_dag.py   1144  0.03s             1           0  0.25s           2026-06-22T13:25:16
================================================================================
[2026-06-22T13:26:18.277+0000] {manager.py:879} INFO - 
================================================================================
DAG File Processing Stats

File Path                                  PID  Runtime      # DAGs    # Errors  Last Runtime    Last Run
---------------------------------------  -----  ---------  --------  ----------  --------------  -------------------
/opt/airflow/dags/batch_pipeline_dag.py   1165  0.01s             1           0  0.21s           2026-06-22T13:25:47
/opt/airflow/dags/stream_monitor_dag.py   1162  0.04s             1           0  0.19s           2026-06-22T13:25:47
================================================================================
[2026-06-22T13:26:50.551+0000] {manager.py:879} INFO - 
================================================================================
DAG File Processing Stats

File Path                                  PID  Runtime      # DAGs    # Errors  Last Runtime    Last Run
---------------------------------------  -----  ---------  --------  ----------  --------------  -------------------
/opt/airflow/dags/batch_pipeline_dag.py   1183  0.37s             1           0  0.31s           2026-06-22T13:26:18
/opt/airflow/dags/stream_monitor_dag.py                           1           0  0.40s           2026-06-22T13:26:50
================================================================================
[2026-06-22T13:27:22.668+0000] {manager.py:879} INFO - 
================================================================================
DAG File Processing Stats

File Path                                PID    Runtime      # DAGs    # Errors  Last Runtime    Last Run
---------------------------------------  -----  ---------  --------  ----------  --------------  -------------------
/opt/airflow/dags/batch_pipeline_dag.py                           1           0  0.29s           2026-06-22T13:27:21
/opt/airflow/dags/stream_monitor_dag.py                           1           0  0.26s           2026-06-22T13:27:21
================================================================================
[2026-06-22T13:27:54.770+0000] {manager.py:879} INFO - 
================================================================================
DAG File Processing Stats

File Path                                PID    Runtime      # DAGs    # Errors  Last Runtime    Last Run
---------------------------------------  -----  ---------  --------  ----------  --------------  -------------------
/opt/airflow/dags/batch_pipeline_dag.py                           1           0  0.20s           2026-06-22T13:27:52
/opt/airflow/dags/stream_monitor_dag.py                           1           0  0.19s           2026-06-22T13:27:52
================================================================================
[2026-06-22T13:28:26.867+0000] {manager.py:879} INFO - 
================================================================================
DAG File Processing Stats

File Path                                PID    Runtime      # DAGs    # Errors  Last Runtime    Last Run
---------------------------------------  -----  ---------  --------  ----------  --------------  -------------------
/opt/airflow/dags/batch_pipeline_dag.py                           1           0  0.29s           2026-06-22T13:28:24
/opt/airflow/dags/stream_monitor_dag.py                           1           0  0.24s           2026-06-22T13:28:24
================================================================================
[2026-06-22T13:28:59.206+0000] {manager.py:879} INFO - 
================================================================================
DAG File Processing Stats

File Path                                PID    Runtime      # DAGs    # Errors  Last Runtime    Last Run
---------------------------------------  -----  ---------  --------  ----------  --------------  -------------------
/opt/airflow/dags/batch_pipeline_dag.py                           1           0  0.52s           2026-06-22T13:28:56
/opt/airflow/dags/stream_monitor_dag.py                           1           0  0.53s           2026-06-22T13:28:56
================================================================================
[2026-06-22T13:29:31.404+0000] {manager.py:879} INFO - 
================================================================================
DAG File Processing Stats

File Path                                PID    Runtime      # DAGs    # Errors  Last Runtime    Last Run
---------------------------------------  -----  ---------  --------  ----------  --------------  -------------------
/opt/airflow/dags/batch_pipeline_dag.py                           1           0  0.35s           2026-06-22T13:29:27
/opt/airflow/dags/stream_monitor_dag.py                           1           0  0.31s           2026-06-22T13:29:27
================================================================================
[2026-06-22T13:30:02.865+0000] {manager.py:879} INFO - 
================================================================================
DAG File Processing Stats

File Path                                PID    Runtime      # DAGs    # Errors  Last Runtime    Last Run
---------------------------------------  -----  ---------  --------  ----------  --------------  -------------------
/opt/airflow/dags/batch_pipeline_dag.py                           1           0  0.49s           2026-06-22T13:29:58
/opt/airflow/dags/stream_monitor_dag.py                           1           0  0.55s           2026-06-22T13:29:58
================================================================================
[2026-06-22T13:30:33.617+0000] {manager.py:738} INFO - Searching for files in /opt/airflow/dags
[2026-06-22T13:30:33.707+0000] {manager.py:741} INFO - There are 2 files in /opt/airflow/dags
[2026-06-22T13:30:33.761+0000] {manager.py:879} INFO - 
================================================================================
DAG File Processing Stats

File Path                                PID    Runtime      # DAGs    # Errors  Last Runtime    Last Run
---------------------------------------  -----  ---------  --------  ----------  --------------  -------------------
/opt/airflow/dags/batch_pipeline_dag.py                           1           0  0.30s           2026-06-22T13:30:29
/opt/airflow/dags/stream_monitor_dag.py                           1           0  0.40s           2026-06-22T13:30:29
================================================================================
[2026-06-22T13:31:06.431+0000] {manager.py:879} INFO - 
================================================================================
DAG File Processing Stats

File Path                                PID    Runtime      # DAGs    # Errors  Last Runtime    Last Run
---------------------------------------  -----  ---------  --------  ----------  --------------  -------------------
/opt/airflow/dags/batch_pipeline_dag.py                           1           0  0.18s           2026-06-22T13:30:59
/opt/airflow/dags/stream_monitor_dag.py                           1           0  0.35s           2026-06-22T13:30:59
================================================================================
[2026-06-22T13:31:38.010+0000] {manager.py:879} INFO - 
================================================================================
DAG File Processing Stats

File Path                                PID    Runtime      # DAGs    # Errors  Last Runtime    Last Run
---------------------------------------  -----  ---------  --------  ----------  --------------  -------------------
/opt/airflow/dags/batch_pipeline_dag.py                           1           0  0.29s           2026-06-22T13:31:30
/opt/airflow/dags/stream_monitor_dag.py                           1           0  0.27s           2026-06-22T13:31:30
================================================================================
[2026-06-22T13:32:09.307+0000] {manager.py:879} INFO - 
================================================================================
DAG File Processing Stats

File Path                                PID    Runtime      # DAGs    # Errors  Last Runtime    Last Run
---------------------------------------  -----  ---------  --------  ----------  --------------  -------------------
/opt/airflow/dags/batch_pipeline_dag.py                           1           0  0.32s           2026-06-22T13:32:00
/opt/airflow/dags/stream_monitor_dag.py                           1           0  0.25s           2026-06-22T13:32:00
================================================================================
[2026-06-22T13:32:42.410+0000] {manager.py:879} INFO - 
================================================================================
DAG File Processing Stats

File Path                                PID    Runtime      # DAGs    # Errors  Last Runtime    Last Run
---------------------------------------  -----  ---------  --------  ----------  --------------  -------------------
/opt/airflow/dags/batch_pipeline_dag.py                           1           0  0.37s           2026-06-22T13:32:31
/opt/airflow/dags/stream_monitor_dag.py                           1           0  0.41s           2026-06-22T13:32:31
================================================================================
[2026-06-22T13:33:14.494+0000] {manager.py:879} INFO - 
================================================================================
DAG File Processing Stats

File Path                                PID    Runtime      # DAGs    # Errors  Last Runtime    Last Run
---------------------------------------  -----  ---------  --------  ----------  --------------  -------------------
/opt/airflow/dags/batch_pipeline_dag.py                           1           0  0.20s           2026-06-22T13:33:01
/opt/airflow/dags/stream_monitor_dag.py                           1           0  0.18s           2026-06-22T13:33:01
================================================================================
[2026-06-22T13:33:46.818+0000] {manager.py:879} INFO - 
================================================================================
DAG File Processing Stats

File Path                                PID    Runtime      # DAGs    # Errors  Last Runtime    Last Run
---------------------------------------  -----  ---------  --------  ----------  --------------  -------------------
/opt/airflow/dags/batch_pipeline_dag.py                           1           0  0.41s           2026-06-22T13:33:33
/opt/airflow/dags/stream_monitor_dag.py                           1           0  0.36s           2026-06-22T13:33:33
================================================================================
[2026-06-22T13:34:18.949+0000] {manager.py:879} INFO - 
================================================================================
DAG File Processing Stats

File Path                                PID    Runtime      # DAGs    # Errors  Last Runtime    Last Run
---------------------------------------  -----  ---------  --------  ----------  --------------  -------------------
/opt/airflow/dags/batch_pipeline_dag.py                           1           0  0.22s           2026-06-22T13:34:04
/opt/airflow/dags/stream_monitor_dag.py                           1           0  0.21s           2026-06-22T13:34:04
================================================================================
[2026-06-22T13:34:50.897+0000] {manager.py:879} INFO - 
================================================================================
DAG File Processing Stats

File Path                                PID    Runtime      # DAGs    # Errors  Last Runtime    Last Run
---------------------------------------  -----  ---------  --------  ----------  --------------  -------------------
/opt/airflow/dags/batch_pipeline_dag.py                           1           0  0.18s           2026-06-22T13:34:35
/opt/airflow/dags/stream_monitor_dag.py                           1           0  0.16s           2026-06-22T13:34:35
================================================================================
[2026-06-22T13:35:22.961+0000] {manager.py:879} INFO - 
================================================================================
DAG File Processing Stats

File Path                                PID    Runtime      # DAGs    # Errors  Last Runtime    Last Run
---------------------------------------  -----  ---------  --------  ----------  --------------  -------------------
/opt/airflow/dags/batch_pipeline_dag.py                           1           0  0.25s           2026-06-22T13:35:06
/opt/airflow/dags/stream_monitor_dag.py                           1           0  0.25s           2026-06-22T13:35:06
================================================================================
[2026-06-22T13:35:34.058+0000] {manager.py:738} INFO - Searching for files in /opt/airflow/dags
[2026-06-22T13:35:34.174+0000] {manager.py:741} INFO - There are 2 files in /opt/airflow/dags
[2026-06-22T13:35:55.264+0000] {manager.py:879} INFO - 
================================================================================
DAG File Processing Stats

File Path                                PID    Runtime      # DAGs    # Errors  Last Runtime    Last Run
---------------------------------------  -----  ---------  --------  ----------  --------------  -------------------
/opt/airflow/dags/batch_pipeline_dag.py                           1           0  0.32s           2026-06-22T13:35:37
/opt/airflow/dags/stream_monitor_dag.py                           1           0  0.31s           2026-06-22T13:35:37
================================================================================
[2026-06-22T13:36:27.316+0000] {manager.py:879} INFO - 
================================================================================
DAG File Processing Stats

File Path                                PID    Runtime      # DAGs    # Errors  Last Runtime    Last Run
---------------------------------------  -----  ---------  --------  ----------  --------------  -------------------
/opt/airflow/dags/batch_pipeline_dag.py                           1           0  0.19s           2026-06-22T13:36:08
/opt/airflow/dags/stream_monitor_dag.py                           1           0  0.18s           2026-06-22T13:36:08
================================================================================
[2026-06-22T13:36:58.642+0000] {manager.py:879} INFO - 
================================================================================
DAG File Processing Stats

File Path                                PID    Runtime      # DAGs    # Errors  Last Runtime    Last Run
---------------------------------------  -----  ---------  --------  ----------  --------------  -------------------
/opt/airflow/dags/batch_pipeline_dag.py                           1           0  0.39s           2026-06-22T13:36:39
/opt/airflow/dags/stream_monitor_dag.py                           1           0  0.36s           2026-06-22T13:36:39
================================================================================
[2026-06-22T13:37:31.802+0000] {manager.py:879} INFO - 
================================================================================
DAG File Processing Stats

File Path                                PID    Runtime      # DAGs    # Errors  Last Runtime    Last Run
---------------------------------------  -----  ---------  --------  ----------  --------------  -------------------
/opt/airflow/dags/batch_pipeline_dag.py                           1           0  0.47s           2026-06-22T13:37:10
/opt/airflow/dags/stream_monitor_dag.py                           1           0  0.42s           2026-06-22T13:37:10
================================================================================
[2026-06-22T13:38:03.905+0000] {manager.py:879} INFO - 
================================================================================
DAG File Processing Stats

File Path                                PID    Runtime      # DAGs    # Errors  Last Runtime    Last Run
---------------------------------------  -----  ---------  --------  ----------  --------------  -------------------
/opt/airflow/dags/batch_pipeline_dag.py                           1           0  0.28s           2026-06-22T13:37:41
/opt/airflow/dags/stream_monitor_dag.py                           1           0  0.28s           2026-06-22T13:37:41
================================================================================
[2026-06-22T13:38:36.090+0000] {manager.py:879} INFO - 
================================================================================
DAG File Processing Stats

File Path                                PID    Runtime      # DAGs    # Errors  Last Runtime    Last Run
---------------------------------------  -----  ---------  --------  ----------  --------------  -------------------
/opt/airflow/dags/batch_pipeline_dag.py                           1           0  0.29s           2026-06-22T13:38:12
/opt/airflow/dags/stream_monitor_dag.py                           1           0  0.28s           2026-06-22T13:38:12
================================================================================
[2026-06-22T13:39:08.181+0000] {manager.py:879} INFO - 
================================================================================
DAG File Processing Stats

File Path                                PID    Runtime      # DAGs    # Errors  Last Runtime    Last Run
---------------------------------------  -----  ---------  --------  ----------  --------------  -------------------
/opt/airflow/dags/batch_pipeline_dag.py                           1           0  0.33s           2026-06-22T13:38:43
/opt/airflow/dags/stream_monitor_dag.py                           1           0  0.31s           2026-06-22T13:38:43
================================================================================
[2026-06-22T13:39:41.127+0000] {manager.py:879} INFO - 
================================================================================
DAG File Processing Stats

File Path                                PID    Runtime      # DAGs    # Errors  Last Runtime    Last Run
---------------------------------------  -----  ---------  --------  ----------  --------------  -------------------
/opt/airflow/dags/batch_pipeline_dag.py                           1           0  0.31s           2026-06-22T13:39:14
/opt/airflow/dags/stream_monitor_dag.py                           1           0  0.30s           2026-06-22T13:39:14
================================================================================
[2026-06-22T13:40:12.374+0000] {manager.py:879} INFO - 
================================================================================
DAG File Processing Stats

File Path                                PID    Runtime      # DAGs    # Errors  Last Runtime    Last Run
---------------------------------------  -----  ---------  --------  ----------  --------------  -------------------
/opt/airflow/dags/batch_pipeline_dag.py                           1           0  0.18s           2026-06-22T13:39:45
/opt/airflow/dags/stream_monitor_dag.py                           1           0  0.17s           2026-06-22T13:39:45
================================================================================
[2026-06-22T13:40:34.359+0000] {manager.py:738} INFO - Searching for files in /opt/airflow/dags
[2026-06-22T13:40:34.430+0000] {manager.py:741} INFO - There are 2 files in /opt/airflow/dags
[2026-06-22T13:40:44.533+0000] {manager.py:879} INFO - 
================================================================================
DAG File Processing Stats

File Path                                PID    Runtime      # DAGs    # Errors  Last Runtime    Last Run
---------------------------------------  -----  ---------  --------  ----------  --------------  -------------------
/opt/airflow/dags/batch_pipeline_dag.py                           1           0  0.19s           2026-06-22T13:40:15
/opt/airflow/dags/stream_monitor_dag.py                           1           0  0.17s           2026-06-22T13:40:15
================================================================================
[2026-06-22T13:41:16.586+0000] {manager.py:879} INFO - 
================================================================================
DAG File Processing Stats

File Path                                PID    Runtime      # DAGs    # Errors  Last Runtime    Last Run
---------------------------------------  -----  ---------  --------  ----------  --------------  -------------------
/opt/airflow/dags/batch_pipeline_dag.py                           1           0  0.21s           2026-06-22T13:40:46
/opt/airflow/dags/stream_monitor_dag.py                           1           0  0.18s           2026-06-22T13:40:46
================================================================================
[2026-06-22T13:41:48.815+0000] {manager.py:879} INFO - 
================================================================================
DAG File Processing Stats

File Path                                  PID  Runtime      # DAGs    # Errors  Last Runtime    Last Run
---------------------------------------  -----  ---------  --------  ----------  --------------  -------------------
/opt/airflow/dags/batch_pipeline_dag.py   1680  0.00s             1           0  0.32s           2026-06-22T13:41:17
/opt/airflow/dags/stream_monitor_dag.py   1677  0.03s             1           0  0.31s           2026-06-22T13:41:17
================================================================================
[2026-06-22T13:42:21.034+0000] {manager.py:879} INFO - 
================================================================================
DAG File Processing Stats

File Path                                PID    Runtime      # DAGs    # Errors  Last Runtime    Last Run
---------------------------------------  -----  ---------  --------  ----------  --------------  -------------------
/opt/airflow/dags/batch_pipeline_dag.py                           1           0  0.28s           2026-06-22T13:42:20
/opt/airflow/dags/stream_monitor_dag.py                           1           0  0.25s           2026-06-22T13:42:20
================================================================================
[2026-06-22T13:42:53.193+0000] {manager.py:879} INFO - 
================================================================================
DAG File Processing Stats

File Path                                PID    Runtime      # DAGs    # Errors  Last Runtime    Last Run
---------------------------------------  -----  ---------  --------  ----------  --------------  -------------------
/opt/airflow/dags/batch_pipeline_dag.py                           1           0  0.21s           2026-06-22T13:42:51
/opt/airflow/dags/stream_monitor_dag.py                           1           0  0.20s           2026-06-22T13:42:51
================================================================================
[2026-06-22T13:43:25.317+0000] {manager.py:879} INFO - 
================================================================================
DAG File Processing Stats

File Path                                PID    Runtime      # DAGs    # Errors  Last Runtime    Last Run
---------------------------------------  -----  ---------  --------  ----------  --------------  -------------------
/opt/airflow/dags/batch_pipeline_dag.py                           1           0  0.19s           2026-06-22T13:43:22
/opt/airflow/dags/stream_monitor_dag.py                           1           0  0.17s           2026-06-22T13:43:22
================================================================================
[2026-06-22T13:43:57.473+0000] {manager.py:879} INFO - 
================================================================================
DAG File Processing Stats

File Path                                PID    Runtime      # DAGs    # Errors  Last Runtime    Last Run
---------------------------------------  -----  ---------  --------  ----------  --------------  -------------------
/opt/airflow/dags/batch_pipeline_dag.py                           1           0  0.24s           2026-06-22T13:43:53
/opt/airflow/dags/stream_monitor_dag.py                           1           0  0.21s           2026-06-22T13:43:53
================================================================================
[2026-06-22T13:44:29.119+0000] {manager.py:879} INFO - 
================================================================================
DAG File Processing Stats

File Path                                PID    Runtime      # DAGs    # Errors  Last Runtime    Last Run
---------------------------------------  -----  ---------  --------  ----------  --------------  -------------------
/opt/airflow/dags/batch_pipeline_dag.py                           1           0  0.24s           2026-06-22T13:44:24
/opt/airflow/dags/stream_monitor_dag.py                           1           0  0.34s           2026-06-22T13:44:23
================================================================================
[2026-06-22T13:45:01.375+0000] {manager.py:879} INFO - 
================================================================================
DAG File Processing Stats

File Path                                PID    Runtime      # DAGs    # Errors  Last Runtime    Last Run
---------------------------------------  -----  ---------  --------  ----------  --------------  -------------------
/opt/airflow/dags/batch_pipeline_dag.py                           1           0  0.21s           2026-06-22T13:44:54
/opt/airflow/dags/stream_monitor_dag.py                           1           0  0.32s           2026-06-22T13:44:54
================================================================================
[2026-06-22T13:45:32.930+0000] {manager.py:879} INFO - 
================================================================================
DAG File Processing Stats

File Path                                PID    Runtime      # DAGs    # Errors  Last Runtime    Last Run
---------------------------------------  -----  ---------  --------  ----------  --------------  -------------------
/opt/airflow/dags/batch_pipeline_dag.py                           1           0  0.22s           2026-06-22T13:45:24
/opt/airflow/dags/stream_monitor_dag.py                           1           0  0.25s           2026-06-22T13:45:24
================================================================================
[2026-06-22T13:45:34.719+0000] {manager.py:738} INFO - Searching for files in /opt/airflow/dags
[2026-06-22T13:45:34.838+0000] {manager.py:741} INFO - There are 2 files in /opt/airflow/dags
[2026-06-22T13:46:04.816+0000] {manager.py:879} INFO - 
================================================================================
DAG File Processing Stats

File Path                                PID    Runtime      # DAGs    # Errors  Last Runtime    Last Run
---------------------------------------  -----  ---------  --------  ----------  --------------  -------------------
/opt/airflow/dags/batch_pipeline_dag.py                           1           0  0.38s           2026-06-22T13:45:55
/opt/airflow/dags/stream_monitor_dag.py                           1           0  0.46s           2026-06-22T13:45:55
================================================================================
[2026-06-22T13:46:36.764+0000] {manager.py:879} INFO - 
================================================================================
DAG File Processing Stats

File Path                                PID    Runtime      # DAGs    # Errors  Last Runtime    Last Run
---------------------------------------  -----  ---------  --------  ----------  --------------  -------------------
/opt/airflow/dags/batch_pipeline_dag.py                           1           0  0.28s           2026-06-22T13:46:25
/opt/airflow/dags/stream_monitor_dag.py                           1           0  0.48s           2026-06-22T13:46:25
================================================================================
[2026-06-22T13:47:08.323+0000] {manager.py:879} INFO - 
================================================================================
DAG File Processing Stats

File Path                                PID    Runtime      # DAGs    # Errors  Last Runtime    Last Run
---------------------------------------  -----  ---------  --------  ----------  --------------  -------------------
/opt/airflow/dags/batch_pipeline_dag.py                           1           0  0.25s           2026-06-22T13:46:56
/opt/airflow/dags/stream_monitor_dag.py                           1           0  0.29s           2026-06-22T13:46:56
================================================================================
[2026-06-22T13:47:39.988+0000] {manager.py:879} INFO - 
================================================================================
DAG File Processing Stats

File Path                                PID    Runtime      # DAGs    # Errors  Last Runtime    Last Run
---------------------------------------  -----  ---------  --------  ----------  --------------  -------------------
/opt/airflow/dags/batch_pipeline_dag.py                           1           0  0.25s           2026-06-22T13:47:26
/opt/airflow/dags/stream_monitor_dag.py                           1           0  0.28s           2026-06-22T13:47:26
================================================================================
[2026-06-22T13:48:11.603+0000] {manager.py:879} INFO - 
================================================================================
DAG File Processing Stats

File Path                                PID    Runtime      # DAGs    # Errors  Last Runtime    Last Run
---------------------------------------  -----  ---------  --------  ----------  --------------  -------------------
/opt/airflow/dags/batch_pipeline_dag.py                           1           0  0.36s           2026-06-22T13:47:57
/opt/airflow/dags/stream_monitor_dag.py                           1           0  0.27s           2026-06-22T13:47:56
================================================================================
[2026-06-22T13:48:43.147+0000] {manager.py:879} INFO - 
================================================================================
DAG File Processing Stats

File Path                                PID    Runtime      # DAGs    # Errors  Last Runtime    Last Run
---------------------------------------  -----  ---------  --------  ----------  --------------  -------------------
/opt/airflow/dags/batch_pipeline_dag.py                           1           0  0.44s           2026-06-22T13:48:27
/opt/airflow/dags/stream_monitor_dag.py                           1           0  0.34s           2026-06-22T13:48:27
================================================================================
[2026-06-22T13:49:14.971+0000] {manager.py:879} INFO - 
================================================================================
DAG File Processing Stats

File Path                                PID    Runtime      # DAGs    # Errors  Last Runtime    Last Run
---------------------------------------  -----  ---------  --------  ----------  --------------  -------------------
/opt/airflow/dags/batch_pipeline_dag.py                           1           0  0.37s           2026-06-22T13:48:59
/opt/airflow/dags/stream_monitor_dag.py                           1           0  0.27s           2026-06-22T13:48:57
================================================================================
[2026-06-22T13:49:46.532+0000] {manager.py:879} INFO - 
================================================================================
DAG File Processing Stats

File Path                                PID    Runtime      # DAGs    # Errors  Last Runtime    Last Run
---------------------------------------  -----  ---------  --------  ----------  --------------  -------------------
/opt/airflow/dags/batch_pipeline_dag.py                           1           0  0.36s           2026-06-22T13:49:29
/opt/airflow/dags/stream_monitor_dag.py                           1           0  0.30s           2026-06-22T13:49:28
================================================================================
[2026-06-22T13:50:18.348+0000] {manager.py:879} INFO - 
================================================================================
DAG File Processing Stats

File Path                                PID    Runtime      # DAGs    # Errors  Last Runtime    Last Run
---------------------------------------  -----  ---------  --------  ----------  --------------  -------------------
/opt/airflow/dags/batch_pipeline_dag.py                           1           0  0.29s           2026-06-22T13:50:00
/opt/airflow/dags/stream_monitor_dag.py                           1           0  0.41s           2026-06-22T13:49:59
================================================================================
[2026-06-22T13:50:35.017+0000] {manager.py:738} INFO - Searching for files in /opt/airflow/dags
[2026-06-22T13:50:35.069+0000] {manager.py:741} INFO - There are 2 files in /opt/airflow/dags
[2026-06-22T13:50:50.249+0000] {manager.py:879} INFO - 
================================================================================
DAG File Processing Stats

File Path                                PID    Runtime      # DAGs    # Errors  Last Runtime    Last Run
---------------------------------------  -----  ---------  --------  ----------  --------------  -------------------
/opt/airflow/dags/batch_pipeline_dag.py                           1           0  0.38s           2026-06-22T13:50:30
/opt/airflow/dags/stream_monitor_dag.py                           1           0  0.27s           2026-06-22T13:50:29
================================================================================
[2026-06-22T13:51:22.289+0000] {manager.py:879} INFO - 
================================================================================
DAG File Processing Stats

File Path                                PID    Runtime      # DAGs    # Errors  Last Runtime    Last Run
---------------------------------------  -----  ---------  --------  ----------  --------------  -------------------
/opt/airflow/dags/batch_pipeline_dag.py                           1           0  0.26s           2026-06-22T13:51:01
/opt/airflow/dags/stream_monitor_dag.py                           1           0  0.17s           2026-06-22T13:51:00
================================================================================
[2026-06-22T13:51:54.622+0000] {manager.py:879} INFO - 
================================================================================
DAG File Processing Stats

File Path                                PID    Runtime      # DAGs    # Errors  Last Runtime    Last Run
---------------------------------------  -----  ---------  --------  ----------  --------------  -------------------
/opt/airflow/dags/batch_pipeline_dag.py                           1           0  0.38s           2026-06-22T13:51:32
/opt/airflow/dags/stream_monitor_dag.py                           1           0  0.32s           2026-06-22T13:51:30
================================================================================
[2026-06-22T13:52:25.936+0000] {manager.py:879} INFO - 
================================================================================
DAG File Processing Stats

File Path                                PID    Runtime      # DAGs    # Errors  Last Runtime    Last Run
---------------------------------------  -----  ---------  --------  ----------  --------------  -------------------
/opt/airflow/dags/batch_pipeline_dag.py                           1           0  0.37s           2026-06-22T13:52:02
/opt/airflow/dags/stream_monitor_dag.py                           1           0  0.22s           2026-06-22T13:52:01
================================================================================
[2026-06-22T13:52:58.312+0000] {manager.py:879} INFO - 
================================================================================
DAG File Processing Stats

File Path                                PID    Runtime      # DAGs    # Errors  Last Runtime    Last Run
---------------------------------------  -----  ---------  --------  ----------  --------------  -------------------
/opt/airflow/dags/batch_pipeline_dag.py                           1           0  0.25s           2026-06-22T13:52:33
/opt/airflow/dags/stream_monitor_dag.py                           1           0  1.20s           2026-06-22T13:52:33
================================================================================
[2026-06-22T13:53:29.484+0000] {manager.py:879} INFO - 
================================================================================
DAG File Processing Stats

File Path                                PID    Runtime      # DAGs    # Errors  Last Runtime    Last Run
---------------------------------------  -----  ---------  --------  ----------  --------------  -------------------
/opt/airflow/dags/batch_pipeline_dag.py                           1           0  0.27s           2026-06-22T13:53:04
/opt/airflow/dags/stream_monitor_dag.py                           1           0  0.27s           2026-06-22T13:53:04
================================================================================
[2026-06-22T13:54:02.557+0000] {manager.py:879} INFO - 
================================================================================
DAG File Processing Stats

File Path                                PID    Runtime      # DAGs    # Errors  Last Runtime    Last Run
---------------------------------------  -----  ---------  --------  ----------  --------------  -------------------
/opt/airflow/dags/batch_pipeline_dag.py                           1           0  0.30s           2026-06-22T13:53:36
/opt/airflow/dags/stream_monitor_dag.py                           1           0  0.29s           2026-06-22T13:53:36
================================================================================
[2026-06-22T13:54:34.810+0000] {manager.py:879} INFO - 
================================================================================
DAG File Processing Stats

File Path                                PID    Runtime      # DAGs    # Errors  Last Runtime    Last Run
---------------------------------------  -----  ---------  --------  ----------  --------------  -------------------
/opt/airflow/dags/batch_pipeline_dag.py                           1           0  0.42s           2026-06-22T13:54:08
/opt/airflow/dags/stream_monitor_dag.py                           1           0  0.39s           2026-06-22T13:54:08
================================================================================
[2026-06-22T13:55:07.160+0000] {manager.py:879} INFO - 
================================================================================
DAG File Processing Stats

File Path                                PID    Runtime      # DAGs    # Errors  Last Runtime    Last Run
---------------------------------------  -----  ---------  --------  ----------  --------------  -------------------
/opt/airflow/dags/batch_pipeline_dag.py                           1           0  0.38s           2026-06-22T13:54:39
/opt/airflow/dags/stream_monitor_dag.py                           1           0  0.35s           2026-06-22T13:54:39
================================================================================
[2026-06-22T13:55:35.092+0000] {manager.py:738} INFO - Searching for files in /opt/airflow/dags
[2026-06-22T13:55:35.144+0000] {manager.py:741} INFO - There are 2 files in /opt/airflow/dags
[2026-06-22T13:55:39.211+0000] {manager.py:879} INFO - 
================================================================================
DAG File Processing Stats

File Path                                PID    Runtime      # DAGs    # Errors  Last Runtime    Last Run
---------------------------------------  -----  ---------  --------  ----------  --------------  -------------------
/opt/airflow/dags/batch_pipeline_dag.py                           1           0  0.24s           2026-06-22T13:55:11
/opt/airflow/dags/stream_monitor_dag.py                           1           0  0.24s           2026-06-22T13:55:11
================================================================================
[2026-06-22T13:55:42.376+0000] {manager.py:451} INFO - Exiting gracefully upon receiving signal 15
